// Jest Snapshot v1, https://goo.gl/fbAQLP

exports[`Feature component it matches the snapshot 1`] = `
<div
  className="search-bar ui segment"
>
  <form
    className="ui form"
    onSubmit={[Function]}
  >
    <div
      className="field"
    >
      <label>
        Video Search
      </label>
      <input
        onChange={[Function]}
        type="text"
        value=""
      />
    </div>
  </form>
</div>
`;
